[themes.orcaslabs.com/posted/index.html]
[themes.orcaslabs.com/posted/img/favicon.png]
[backblue.gif]
[fade.gif]
[index.html]
[themes.orcaslabs.com/posted/img/posted_theme_logo.png]
[themes.orcaslabs.com/posted/index-2.html]
[themes.orcaslabs.com/posted/home2.html]
[themes.orcaslabs.com/posted/home3.html]
[themes.orcaslabs.com/posted/home4.html]
[themes.orcaslabs.com/posted/home5.html]
[themes.orcaslabs.com/posted/home-sidebar.html]
[themes.orcaslabs.com/posted/category1.html]
[themes.orcaslabs.com/posted/category2.html]
[themes.orcaslabs.com/posted/category3.html]
[themes.orcaslabs.com/posted/category4.html]
[themes.orcaslabs.com/posted/single-page.html]
[themes.orcaslabs.com/posted/single-page-image.html]
[themes.orcaslabs.com/posted/single-page-video.html]
[themes.orcaslabs.com/posted/single-post.html]
[themes.orcaslabs.com/posted/single-post-full.html]
[themes.orcaslabs.com/posted/single-post-video.html]
[themes.orcaslabs.com/posted/gallery.html]
[themes.orcaslabs.com/posted/author.html]
[themes.orcaslabs.com/posted/search-result.html]
[themes.orcaslabs.com/posted/404.html]
[themes.orcaslabs.com/posted/shop-grid.html]
[themes.orcaslabs.com/posted/shop-product.html]
[themes.orcaslabs.com/posted/contact.html]
[themes.orcaslabs.com/posted/img/carousel1-thumb1.jpg]
[themes.orcaslabs.com/posted/img/carousel1-thumb2.jpg]
[themes.orcaslabs.com/posted/img/middle-promo-thumb.jpg]
[themes.orcaslabs.com/posted/img/banner-home.jpg]
[themes.orcaslabs.com/posted/img/large-post-thumb1.jpg]
[themes.orcaslabs.com/posted/img/middle-post-thumb1.jpg]
[themes.orcaslabs.com/posted/img/xs-post-thumb.jpg]
[themes.orcaslabs.com/posted/img/banner-full.jpg]
[themes.orcaslabs.com/posted/img/banner-res1.jpg]
[themes.orcaslabs.com/posted/img/large-post-thumb2.jpg]
[themes.orcaslabs.com/posted/img/middle-post-thumb2.jpg]
[themes.orcaslabs.com/posted/img/video-post-thumb.jpg]
[themes.orcaslabs.com/posted/img/small-post-thumb.jpg]
[themes.orcaslabs.com/posted/img/banner-full2.jpg]
[themes.orcaslabs.com/posted/index.html]
[themes.orcaslabs.com/posted/js/bootstrap.min.js]
[themes.orcaslabs.com/posted/css/bootstrap.css]
[themes.orcaslabs.com/posted/font/fontello2b30.eot]
[themes.orcaslabs.com/posted/font/fontello2b30.woff]
[themes.orcaslabs.com/posted/font/fontello2b30.ttf]
[themes.orcaslabs.com/posted/img/search-icon.png]
[themes.orcaslabs.com/posted/css/main.css]
[themes.orcaslabs.com/posted/css/animation.css]
[themes.orcaslabs.com/posted/font/fontello107f.eot]
[themes.orcaslabs.com/posted/font/fontello107f.woff2]
[themes.orcaslabs.com/posted/font/fontello107f.woff]
[themes.orcaslabs.com/posted/font/fontello107f.ttf]
[themes.orcaslabs.com/posted/css/fontello.css]
[themes.orcaslabs.com/posted/index-2.html]
[themes.orcaslabs.com/posted/img/carousel2-thumb1.jpg]
[themes.orcaslabs.com/posted/home2.html]
[themes.orcaslabs.com/posted/img/carousel2-thumb2.jpg]
[themes.orcaslabs.com/posted/img/carousel3-thumb1.jpg]
[themes.orcaslabs.com/posted/img/carousel3-thumb2.jpg]
[themes.orcaslabs.com/posted/home3.html]
[themes.orcaslabs.com/posted/img/home-double-thumb.jpg]
[themes.orcaslabs.com/posted/home4.html]
[themes.orcaslabs.com/posted/img/home-drill-thumb.jpg]
[themes.orcaslabs.com/posted/home5.html]
[themes.orcaslabs.com/posted/img/carousel4-thumb1.jpg]
[themes.orcaslabs.com/posted/img/carousel4-thumb2.jpg]
[themes.orcaslabs.com/posted/img/banner-sidebar.jpg]
[themes.orcaslabs.com/posted/img/sidebar-middle-post-thumb.jpg]
[themes.orcaslabs.com/posted/home-sidebar.html]
[themes.orcaslabs.com/posted/category1.html]
[themes.orcaslabs.com/posted/category2.html]
[themes.orcaslabs.com/posted/category3.html]
[themes.orcaslabs.com/posted/img/category-grid-double-thumb.jpg]
[themes.orcaslabs.com/posted/category4.html]
[themes.orcaslabs.com/posted/img/category-grid-onefour-thumb.jpg]
[themes.orcaslabs.com/posted/single-page.html]
[themes.orcaslabs.com/posted/img/post-embed-thumb.jpg]
[themes.orcaslabs.com/posted/single-page-image.html]
[themes.orcaslabs.com/posted/single-page-video.html]
[themes.orcaslabs.com/posted/img/single-page-featured.jpg]
[themes.orcaslabs.com/posted/single-post.html]
[themes.orcaslabs.com/posted/img/single-post-featured.jpg]
[themes.orcaslabs.com/posted/single-post-full.html]
[themes.orcaslabs.com/posted/single-post-video.html]
[themes.orcaslabs.com/posted/img/single-post-full-featured.jpg]
[themes.orcaslabs.com/posted/img/shop-product-img.jpg]
[themes.orcaslabs.com/posted/gallery.html]
[themes.orcaslabs.com/posted/js/lightbox-plus-jquery.min.js]
[themes.orcaslabs.com/posted/author.html]
[themes.orcaslabs.com/posted/img/author-thumb.jpg]
[themes.orcaslabs.com/posted/search-result.html]
[themes.orcaslabs.com/posted/img/search-result-thumb.jpg]
[themes.orcaslabs.com/posted/img/404.jpg]
[themes.orcaslabs.com/posted/404.html]
[themes.orcaslabs.com/posted/shop-grid.html]
[themes.orcaslabs.com/posted/img/shop-xs-product-img.jpg]
[themes.orcaslabs.com/posted/img/shop-product-img-single.jpg]
[themes.orcaslabs.com/posted/shop-product.html]
[themes.orcaslabs.com/posted/contact.html]
[themes.orcaslabs.com/posted/category.html]
[themes.orcaslabs.com/posted/link.html]
[themes.orcaslabs.com/posted/fonts/glyphicons-halflings-regular.html]
[themes.orcaslabs.com/posted/fonts/glyphicons-halflings-regulard41d.html]
[themes.orcaslabs.com/posted/fonts/glyphicons-halflings-regular-2.html]
[themes.orcaslabs.com/posted/fonts/glyphicons-halflings-regular-3.html]
[themes.orcaslabs.com/posted/fonts/glyphicons-halflings-regular-4.html]
[themes.orcaslabs.com/posted/fonts/glyphicons-halflings-regular-5.html]
[themes.orcaslabs.com/posted/font/fontello2b30.svg]
[themes.orcaslabs.com/posted/font/fontello107f.svg]
[themes.orcaslabs.com/posted/img/close.png]
[themes.orcaslabs.com/posted/img/loading.gif]
[themes.orcaslabs.com/posted/img/prev.png]
[themes.orcaslabs.com/posted/css/lightbox.min.css]
[themes.orcaslabs.com/posted/img/next.png]
